cargo :    Compiling anndists v0.1.2 
(C:\Users\shebi\OneDrive\Desktop\rust\anndists)
At line:1 char:1
+ cargo test new_dist_unifrac -- --nocapture > test_output.txt 
2>&1
+ ~~~~~~~~~~~~~~~~~~~~~~~~~~~~~~~~~~~~~~~~~~~~~~~~~~~~~~~~~~~~~
~~~~
    + CategoryInfo          : NotSpecified: (   Compiling an.. 
   .\rust\anndists):String) [], RemoteException
    + FullyQualifiedErrorId : NativeCommandError
 
warning: unused import: `log::debug`
    --> src\dist\distances.rs:1606:9
     |
1606 |     use log::debug;
     |         ^^^^^^^^^^
     |
     = note: `#[warn(unused_imports)]` on by default

warning: unused import: `CString`
    --> src\dist\distances.rs:1608:20
     |
1608 |     use std::ffi::{CString};
     |                    ^^^^^^^

warning: unused import: `std::ptr`
    --> src\dist\distances.rs:1609:9
     |
1609 |     use std::ptr;
     |         ^^^^^^^^

warning: unused variable: `node_name_map`
   --> src\dist\distances.rs:816:5
    |
816 |     node_name_map: &[Option<String>],
    |     ^^^^^^^^^^^^^ help: if this is intentional, prefix 
it with an underscore: `_node_name_map`
    |
    = note: `#[warn(unused_variables)]` on by default

warning: fields `node_name_map` and `total_tree_length` are 
never read
   --> src\dist\distances.rs:702:5
    |
692 | pub struct DistUniFrac {
    |            ----------- fields in this struct
...
702 |     node_name_map: Vec<Option<String>>,
    |     ^^^^^^^^^^^^^
...
706 |     total_tree_length: f32,
    |     ^^^^^^^^^^^^^^^^^
    |
    = note: `DistUniFrac` has derived impls for the traits 
`Debug` and `Clone`, but these are intentionally ignored 
during dead code analysis
    = note: `#[warn(dead_code)]` on by default

error: linking with `link.exe` failed: exit code: 1181
  |
  = note: "C:\\Program Files\\Microsoft Visual Studio\\2022\\Co
mmunity\\VC\\Tools\\MSVC\\14.44.35207\\bin\\HostX64\\x64\\link.
exe" "/NOLOGO" "C:\\Users\\shebi\\AppData\\Local\\Temp\\rustcUh
0jUQ\\symbols.o" "<146 object files omitted>" "unifrac.lib" "<s
ysroot>\\lib\\rustlib\\x86_64-pc-windows-msvc\\lib/{libtest-*,l
ibgetopts-*,libunicode_width-*,librustc_std_workspace_std-*}.rl
ib" "C:\\Users\\shebi\\OneDrive\\Desktop\\rust\\anndists\\targe
t\\debug\\deps/{libsuccparen-aba0c34167b4120e.rlib,libnewick-b0
b66f9bc62438e0.rlib,libsorbus-859ca217f24e4b4d.rlib,libidentity
_hash-bbad2bfae4effd78.rlib,libpest-fc0bc11b556b0a37.rlib,libuc
d_trie-cbb4a8923cf0c36c.rlib,libthiserror-e752a69cad749e8a.rlib
,libbitvec-e2a6757e5a609a78.rlib,libwyz-bf0b6e40e6e09854.rlib,l
ibtap-43fb987a81ce98ba.rlib,libradium-8966258c2b342842.rlib,lib
funty-db47c99f2e180712.rlib,libphylotree-9795b5ae51bc1839.rlib,
libptree-1514c3d595c751e4.rlib,libdirectories-9e319801077de87c.
rlib,libdirs_sys-68df8fdcc62a58aa.rlib,libconfig-216810351774bc
de.rlib,libini-f774a85e47f9a7c4.rlib,libserde_hjson-1e1e66c0fae
48509.rlib,libserde-deff1225201a3bf1.rlib,libnum_traits-1580c3c
fb0c66712.rlib,libyaml_rust-6b9944e9bb7606a9.rlib,liblinked_has
h_map-64c956404558fd91.rlib,libserde_json-3cc5fe7438441da1.rlib
,libitoa-82e50a6d74a7b471.rlib,libtoml-8e217f2e52429e6f.rlib,li
bnom-b90c30e7922762dc.rlib,liblexical_core-0c9acd629d6a7175.rli
b,libbitflags-d523da4f21aaa688.rlib,libryu-d2a7ab7791ce36e4.rli
b,libstatic_assertions-c2ad2421e2e9ad84.rlib,libarrayvec-93f736
0a80d94d00.rlib,libserde_value-16657f7610d920b4.rlib,libordered
_float-feab3877375c2183.rlib,libtint-0883e55fde9eaee7.rlib,libl
azy_static-f1914d3e94cff33a.rlib,libatty-44600a871cf38986.rlib,
libansi_term-21f3e3b725ff95b7.rlib,libwinapi-c5f55c86b742f15e.r
lib,libpetgraph-acbb3565e3e136de.rlib,libindexmap-b36be3a3d0f09
a87.rlib,libequivalent-ee194a03ea6282a7.rlib,libhashbrown-477b0
1cd7598f9ef.rlib,libfixedbitset-7435014cd21262c6.rlib,libaccura
te-c9e982cb2e789369.rlib,librayon-57c49d2ba4e327d3.rlib,librayo
n_core-b013fc5acaf41ab6.rlib,libcrossbeam_deque-0efdd71eb79954b
3.rlib,libcrossbeam_epoch-cc8bb61502322bfb.rlib,libcrossbeam_ut
ils-542d0bb0b51bd55d.rlib,libieee754-6386f0a3327c7fa4.rlib,libv
ec_map-6914f94ddf3d3c5f.rlib,libserde-b2c1f6a637b7c29c.rlib,lib
rand_distr-6cbd6e41fb71a41f.rlib,libthiserror-27fd881d186ed481.
rlib,libitertools-faf2018b76c89324.rlib,libeither-57e8398af2b9e
5d5.rlib,librand-a2893907ed061d9e.rlib,librand_chacha-1aa485611
20401a0.rlib,libppv_lite86-4a6eae37737ceb04.rlib,libzerocopy-9e
9d41de55965a8b.rlib,librand_core-638020c8b4c35b89.rlib,libgetra
ndom-ff5798f7734ebd76.rlib,libcfg_if-cd3f576372c49f4d.rlib,libc
lap-59fa9918a72e1b2f.rlib,libclap_builder-507fb3f0e8a0620b.rlib
,libstrsim-9cdc86e5a20ff7ab.rlib,libanstream-aac8ce5dea4f52e5.r
lib,libanstyle_query-331b237944270dd5.rlib,libis_terminal_polyf
ill-5699b392d2a4ef46.rlib,libanstyle_wincon-06c070cd567f5df8.rl
ib,libonce_cell_polyfill-aba2120aada951f5.rlib,libwindows_sys-2
78224dc93d4615f.rlib,libwindows_targets-4d138e97a236ac50.rlib,l
ibcolorchoice-e6349ad88341260c.rlib,libanstyle_parse-d0227e261a
64d6f1.rlib,libutf8parse-3247c981d533d3e5.rlib,libclap_lex-04d8
efe63987fd63.rlib,libanstyle-08895e9481f60692.rlib,libanyhow-45
e0b382ef5d673a.rlib,libnum_traits-aa5bd854ce78cab6.rlib,liblazy
_static-64465c89d45fc743.rlib,libenv_logger-4aaaaa3df2fbfada.rl
ib,libtermcolor-c4b78a3c20255281.rlib,libwinapi_util-3d18b90c1f
61c1d4.rlib,libis_terminal-d934c2115f81ac5e.rlib,libwindows_sys
-1da81957c9443521.rlib,libwindows_targets-832063ff1bd69dfe.rlib
,libhumantime-3460c8d56d00983c.rlib,liblog-3dfdd991457895fa.rli
b,libregex-9c038fed8d658564.rlib,libregex_automata-2afb4560326f
861e.rlib,libaho_corasick-83ac227130525495.rlib,libmemchr-dc528
40da06fefb7.rlib,libregex_syntax-8e4b3e42b379f069.rlib}.rlib" "
<sysroot>\\lib\\rustlib\\x86_64-pc-windows-msvc\\lib/{libstd-*,
libpanic_unwind-*,libwindows_targets-*,librustc_demangle-*,libs
td_detect-*,libhashbrown-*,librustc_std_workspace_alloc-*,libun
wind-*,libcfg_if-*,liballoc-*,librustc_std_workspace_core-*,lib
core-*,libcompiler_builtins-*}.rlib" "kernel32.lib" 
"advapi32.lib" "cfgmgr32.lib" "gdi32.lib" "kernel32.lib" 
"msimg32.lib" "ole32.lib" "opengl32.lib" "shell32.lib" 
"user32.lib" "winspool.lib" "bcrypt.lib" "advapi32.lib" "C:\\Us
ers\\shebi\\.cargo\\registry\\src\\index.crates.io-1949cf8c6b5b
557f\\windows_x86_64_msvc-0.53.0\\lib\\windows.0.53.0.lib" "C:\
\Users\\shebi\\.cargo\\registry\\src\\index.crates.io-1949cf8c6
b5b557f\\windows_x86_64_msvc-0.52.6\\lib\\windows.0.52.0.lib" 
"kernel32.lib" "kernel32.lib" "ntdll.lib" "userenv.lib" 
"ws2_32.lib" "dbghelp.lib" "/defaultlib:msvcrt" "/NXCOMPAT" 
"/LIBPATH:ExternC_UniFrac" "/LIBPATH:C:\\Users\\shebi\\.cargo\\
registry\\src\\index.crates.io-1949cf8c6b5b557f\\windows_x86_64
_msvc-0.52.6\\lib" "/LIBPATH:C:\\Users\\shebi\\.cargo\\registry
\\src\\index.crates.io-1949cf8c6b5b557f\\windows_x86_64_msvc-0.
53.0\\lib" "/LIBPATH:C:\\Program Files\\Microsoft Visual Studio
\\2022\\Community\\VC\\Tools\\MSVC\\14.44.35207\\atlmfc\\lib\\x
64" "/LIBPATH:C:\\Users\\shebi\\OneDrive\\Desktop\\rust\\anndis
ts\\target\\debug\\build\\bzip2-sys-779dad2e2b1a0000\\out\\lib"
 "/LIBPATH:C:\\Program Files\\Microsoft Visual Studio\\2022\\Co
mmunity\\VC\\Tools\\MSVC\\14.44.35207\\atlmfc\\lib\\x64" "/LIBP
ATH:C:\\Users\\shebi\\OneDrive\\Desktop\\rust\\anndists\\target
\\debug\\build\\lzma-sys-615261a1d116f032\\out" "/OUT:C:\\Users
\\shebi\\OneDrive\\Desktop\\rust\\anndists\\target\\debug\\deps
\\anndists-71559a2676bbd690.exe" "/OPT:REF,NOICF" "/DEBUG" 
"/PDBALTPATH:%_PDB%" 
"/NATVIS:<sysroot>\\lib\\rustlib\\etc\\intrinsic.natvis" 
"/NATVIS:<sysroot>\\lib\\rustlib\\etc\\liballoc.natvis" 
"/NATVIS:<sysroot>\\lib\\rustlib\\etc\\libcore.natvis" 
"/NATVIS:<sysroot>\\lib\\rustlib\\etc\\libstd.natvis" 
"-Wl,-rpath,./ExternC_UniFrac"
  = note: some arguments are omitted. use `--verbose` to show 
all linker arguments
  = note: LINK : warning LNK4044: unrecognized option 
'/Wl,-rpath,./ExternC_UniFrac'; ignoredΓÉì
          LINK : fatal error LNK1181: cannot open input file 
'unifrac.lib'ΓÉì
          

warning: `anndists` (lib test) generated 5 warnings
error: could not compile `anndists` (lib test) due to 1 
previous error; 5 warnings emitted
